[
  {
    "input_index": 1,
    "dot_cells": 1572864,
    "sufficient_value_exact_cells": 4297,
    "nonfinite_cells": 0,
    "bound_integer_bit_lengths": {
      "29": 384359,
      "28": 370709,
      "30": 266166,
      "27": 226994,
      "31": 131096,
      "32": 50355,
      "33": 18419,
      "34": 5848,
      "35": 1795,
      "26": 84647,
      "36": 557,
      "37": 185,
      "25": 27380,
      "24": 4297,
      "39": 10,
      "38": 42,
      "40": 5
    }
  },
  {
    "input_index": 6,
    "dot_cells": 1572864,
    "sufficient_value_exact_cells": 3250,
    "nonfinite_cells": 0,
    "bound_integer_bit_lengths": {
      "28": 365023,
      "27": 220653,
      "29": 389474,
      "30": 274687,
      "31": 135537,
      "32": 50577,
      "33": 17188,
      "34": 5572,
      "35": 1836,
      "26": 82981,
      "36": 506,
      "37": 172,
      "25": 25357,
      "24": 3250,
      "38": 37,
      "39": 12,
      "40": 2
    }
  }
]
