OUT 1 3215626589
ARGMAX 8 404 874 29889 24821 29889 29941 31729 29889
SUM 3375186330
OUT_SHA256 f32le 256000 1024000 ebf524607c3254286fc5eda393436b607ace81866cb28b80fda8c4f62f435fe3
METRIC cycles 132756518
METRIC build_hash 37bdf9be0856
METRIC memref_rank_mismatch 0
DONE
PROFILE_SUM 132756475 24871103 107885372 155 0
PROFILE_CALL 0 4 563213 101997
PROFILE_CALL 1 1 121086 7700
PROFILE_CALL 2 1 15043 7700
PROFILE_CALL 3 4 1642091 101997
PROFILE_CALL 4 2 478141 278376
PROFILE_CALL 5 2 227 278376
PROFILE_CALL 6 0 2163146 281600
PROFILE_CALL 7 4 410439 101997
PROFILE_CALL 8 1 117893 7700
PROFILE_CALL 9 1 15002 7700
PROFILE_CALL 10 4 1653991 101997
PROFILE_CALL 11 2 410488 278376
PROFILE_CALL 12 2 228 278376
PROFILE_CALL 13 0 2163106 281600
PROFILE_CALL 14 4 410436 101997
PROFILE_CALL 15 1 117895 7700
PROFILE_CALL 16 1 15000 7700
PROFILE_CALL 17 4 1655561 101997
PROFILE_CALL 18 2 410488 278376
PROFILE_CALL 19 2 229 278376
PROFILE_CALL 20 0 2163105 281600
PROFILE_CALL 21 4 410435 101997
PROFILE_CALL 22 1 117894 7700
PROFILE_CALL 23 1 15002 7700
PROFILE_CALL 24 4 1660325 101997
PROFILE_CALL 25 2 410489 278376
PROFILE_CALL 26 2 227 278376
PROFILE_CALL 27 0 2163106 281600
PROFILE_CALL 28 4 410436 101997
PROFILE_CALL 29 1 117893 7700
PROFILE_CALL 30 1 14998 7700
PROFILE_CALL 31 4 1660408 101997
PROFILE_CALL 32 2 410488 278376
PROFILE_CALL 33 2 226 278376
PROFILE_CALL 34 0 2163105 281600
PROFILE_CALL 35 4 410438 101997
PROFILE_CALL 36 1 117890 7700
PROFILE_CALL 37 1 15000 7700
PROFILE_CALL 38 4 1660407 101997
PROFILE_CALL 39 2 410487 278376
PROFILE_CALL 40 2 226 278376
PROFILE_CALL 41 0 2163105 281600
PROFILE_CALL 42 4 410449 101997
PROFILE_CALL 43 1 117906 7700
PROFILE_CALL 44 1 14998 7700
PROFILE_CALL 45 4 1660143 101997
PROFILE_CALL 46 2 410500 278376
PROFILE_CALL 47 2 240 278376
PROFILE_CALL 48 0 2163101 281600
PROFILE_CALL 49 4 410434 101997
PROFILE_CALL 50 1 117888 7700
PROFILE_CALL 51 1 14988 7700
PROFILE_CALL 52 4 1660265 101997
PROFILE_CALL 53 2 410487 278376
PROFILE_CALL 54 2 241 278376
PROFILE_CALL 55 0 2163115 281600
PROFILE_CALL 56 4 410449 101997
PROFILE_CALL 57 1 117903 7700
PROFILE_CALL 58 1 15000 7700
PROFILE_CALL 59 4 1660376 101997
PROFILE_CALL 60 2 410500 278376
PROFILE_CALL 61 2 240 278376
PROFILE_CALL 62 0 2163115 281600
PROFILE_CALL 63 4 410449 101997
PROFILE_CALL 64 1 117904 7700
PROFILE_CALL 65 1 15002 7700
PROFILE_CALL 66 4 1659908 101997
PROFILE_CALL 67 2 410502 278376
PROFILE_CALL 68 2 240 278376
PROFILE_CALL 69 0 2163115 281600
PROFILE_CALL 70 4 410450 101997
PROFILE_CALL 71 1 117904 7700
PROFILE_CALL 72 1 15002 7700
PROFILE_CALL 73 4 1660206 101997
PROFILE_CALL 74 2 410502 278376
PROFILE_CALL 75 2 240 278376
PROFILE_CALL 76 0 2163115 281600
PROFILE_CALL 77 4 410450 101997
PROFILE_CALL 78 1 117905 7700
PROFILE_CALL 79 1 15003 7700
PROFILE_CALL 80 4 1660113 101997
PROFILE_CALL 81 2 410502 278376
PROFILE_CALL 82 2 240 278376
PROFILE_CALL 83 0 2163115 281600
PROFILE_CALL 84 4 410449 101997
PROFILE_CALL 85 1 117903 7700
PROFILE_CALL 86 1 15003 7700
PROFILE_CALL 87 4 1660041 101997
PROFILE_CALL 88 2 410500 278376
PROFILE_CALL 89 2 240 278376
PROFILE_CALL 90 0 2163115 281600
PROFILE_CALL 91 4 410449 101997
PROFILE_CALL 92 1 117905 7700
PROFILE_CALL 93 1 15003 7700
PROFILE_CALL 94 4 1659993 101997
PROFILE_CALL 95 2 410502 278376
PROFILE_CALL 96 2 240 278376
PROFILE_CALL 97 0 2163115 281600
PROFILE_CALL 98 4 410450 101997
PROFILE_CALL 99 1 117904 7700
PROFILE_CALL 100 1 15001 7700
PROFILE_CALL 101 4 1660169 101997
PROFILE_CALL 102 2 410502 278376
PROFILE_CALL 103 2 240 278376
PROFILE_CALL 104 0 2163115 281600
PROFILE_CALL 105 4 410449 101997
PROFILE_CALL 106 1 117904 7700
PROFILE_CALL 107 1 15003 7700
PROFILE_CALL 108 4 1660142 101997
PROFILE_CALL 109 2 410502 278376
PROFILE_CALL 110 2 240 278376
PROFILE_CALL 111 0 2163115 281600
PROFILE_CALL 112 4 410449 101997
PROFILE_CALL 113 1 117907 7700
PROFILE_CALL 114 1 15001 7700
PROFILE_CALL 115 4 1659534 101997
PROFILE_CALL 116 2 410502 278376
PROFILE_CALL 117 2 240 278376
PROFILE_CALL 118 0 2163115 281600
PROFILE_CALL 119 4 410450 101997
PROFILE_CALL 120 1 117907 7700
PROFILE_CALL 121 1 15003 7700
PROFILE_CALL 122 4 1660188 101997
PROFILE_CALL 123 2 410500 278376
PROFILE_CALL 124 2 240 278376
PROFILE_CALL 125 0 2163115 281600
PROFILE_CALL 126 4 410450 101997
PROFILE_CALL 127 1 117904 7700
PROFILE_CALL 128 1 15003 7700
PROFILE_CALL 129 4 1660195 101997
PROFILE_CALL 130 2 410500 278376
PROFILE_CALL 131 2 240 278376
PROFILE_CALL 132 0 2163115 281600
PROFILE_CALL 133 4 410449 101997
PROFILE_CALL 134 1 117905 7700
PROFILE_CALL 135 1 15001 7700
PROFILE_CALL 136 4 1660246 101997
PROFILE_CALL 137 2 410502 278376
PROFILE_CALL 138 2 240 278376
PROFILE_CALL 139 0 2163115 281600
PROFILE_CALL 140 4 410449 101997
PROFILE_CALL 141 1 117908 7700
PROFILE_CALL 142 1 15001 7700
PROFILE_CALL 143 4 1660228 101997
PROFILE_CALL 144 2 410501 278376
PROFILE_CALL 145 2 240 278376
PROFILE_CALL 146 0 2163115 281600
PROFILE_CALL 147 4 410450 101997
PROFILE_CALL 148 1 117907 7700
PROFILE_CALL 149 1 15001 7700
PROFILE_CALL 150 4 1659669 101997
PROFILE_CALL 151 2 410501 278376
PROFILE_CALL 152 2 243 278376
PROFILE_CALL 153 0 2163116 281600
PROFILE_CALL 154 3 794512 1600691
PROFILE_TAIL 1794723
Gemmini extension configured with:
    dim = 16
