Script started on 2026-10-05 11:32:28-07:00 [COMMAND="stty intr ^] &&  ./FireSim-xilinx_alveo_u250 +permissive   +macaddr0=00:12:6D:00:00:02 +blkdev0=merlin-golden-nofsm-probe0-dummy.rootfs +niclog0=niclog0 +blkdev-log0=blkdev-log0  +trace-select=1 +trace-start=0 +trace-end=-1 +trace-output-format=0 +dwarf-file-name=merlin-golden-nofsm-probe0-probe.elf-dwarf +autocounter-readrate=0 +autocounter-filename-base=AUTOCOUNTERFILE  +print-start=0 +print-end=-1 +linklatency0=6405 +netbw0=200 +shmemportname0=default  +domain=0x0000 +bus=0x42 +device=0x00 +function=0x0 +bar=0x0 +pci-vendor=0x10ee +pci-device=0x903f +permissive-off +prog0=merlin-golden-nofsm-probe0-probe.elf   && stty intr ^c" TERM="screen" TTY="/dev/pts/41" COLUMNS="80" LINES="24"]
+domain found: 0x0000
+bus found: 0x42
+device found: 0x00
+function found: 0x0
+bar found: 0x0
Using: 0000:42:00.0, BAR ID: 0, PCI Vendor ID: 0x10ee, PCI Device ID: 0x903f
Opening /sys/bus/pci/devices/0000:42:00.0/vendor
Opening /sys/bus/pci/devices/0000:42:00.0/device
examining xdma/.
examining xdma/..
examining xdma/xdma0_h2c_0
Using xdma write queue: /dev/xdma0_h2c_0
Using xdma read queue: /dev/xdma0_c2h_0
widget_registry_t::add_widget(StreamEngine)
cpu2fpga: 0, fpga2cpu: 1
UART0 is here (stdin/stdout).
TraceRV 0: Tracing disabled, since +tracefile was not provided.
command line for program 0. argc=26:
+permissive +macaddr0=00:12:6D:00:00:02 +blkdev0=merlin-golden-nofsm-probe0-dummy.rootfs +niclog0=niclog0 +blkdev-log0=blkdev-log0 +trace-select=1 +trace-start=0 +trace-end=-1 +trace-output-format=0 +dwarf-file-name=merlin-golden-nofsm-probe0-probe.elf-dwarf +autocounter-readrate=0 +autocounter-filename-base=AUTOCOUNTERFILE +print-start=0 +print-end=-1 +linklatency0=6405 +netbw0=200 +shmemportname0=default +domain=0x0000 +bus=0x42 +device=0x00 +function=0x0 +bar=0x0 +pci-vendor=0x10ee +pci-device=0x903f +permissive-off merlin-golden-nofsm-probe0-probe.elf 
entered simulation flow execution
finished waiting
FireSim fingerprint: 0x46697265
TracerV: Trigger enabled from 0 to 18446744073709551615 cycles
Commencing simulation.
tsibridge_t::tick skipping tick
tsibridge_t::tick skipping tick
tsibridge_t::tick skipping tick
tsibridge_t::tick skipping tick
tsibridge_t::tick skipping tick
tsibridge_t::tick skipping tick
tsibridge_t::tick skipping tick
tsibridge_t::tick skipping tick
OUT 1 3238791094
ARGMAX 1 713
SUM 1149727733
OUT_SHA256 f32le 1000 4000 0c2fb2f53d4f080e8d2da3a2647b0daa6fe0759f3d15833c1af2125b3ed14787
METRIC cycles 42303592
METRIC build_hash 2f9a72559690
METRIC memref_rank_mismatch 0
DONE
PROFILE_SUM 42303164 33814043 8489121 70 0
PROFILE_CALL 0 52 4017289 1446279
PROFILE_CALL 1 0 1836 51962
PROFILE_CALL 2 11 1151 654144
PROFILE_CALL 3 22 1563 207173
PROFILE_CALL 4 33 1472 207111
PROFILE_CALL 5 54 1345 2197570
PROFILE_CALL 6 44 1487 215785
PROFILE_CALL 7 47 1274 658736
PROFILE_CALL 8 48 1553 206982
PROFILE_CALL 9 61 1451 643879
PROFILE_CALL 10 49 1245 215876
PROFILE_CALL 11 50 1439 659313
PROFILE_CALL 12 51 1672 207231
PROFILE_CALL 13 62 1355 693421
PROFILE_CALL 14 1 1552 413917
PROFILE_CALL 15 2 1520 757078
PROFILE_CALL 16 3 1780 320853
PROFILE_CALL 17 4 615099 602731
PROFILE_CALL 18 63 1643 439170
PROFILE_CALL 19 5 1317 329585
PROFILE_CALL 20 6 1251 699142
PROFILE_CALL 21 7 1449 320762
PROFILE_CALL 22 64 1265 314684
PROFILE_CALL 23 8 1392 329397
PROFILE_CALL 24 9 1204 699289
PROFILE_CALL 25 10 1561 321714
PROFILE_CALL 26 65 1377 540420
PROFILE_CALL 27 12 1326 329613
PROFILE_CALL 28 13 1300 698973
PROFILE_CALL 29 14 1562 322330
PROFILE_CALL 30 66 1137 264049
PROFILE_CALL 31 15 1233 618263
PROFILE_CALL 32 16 1718 870137
PROFILE_CALL 33 17 1955979 329502
PROFILE_CALL 34 18 286392 676399
PROFILE_CALL 35 67 1358 291691
PROFILE_CALL 36 19 1247 339610
PROFILE_CALL 37 20 1208 720965
PROFILE_CALL 38 21 1687 329040
PROFILE_CALL 39 68 1394 153541
PROFILE_CALL 40 23 1077 339210
PROFILE_CALL 41 24 1384 721464
PROFILE_CALL 42 25 1653 329361
PROFILE_CALL 43 69 1223 253404
PROFILE_CALL 44 26 1251 339743
PROFILE_CALL 45 27 1364 722048
PROFILE_CALL 46 28 1665 329126
PROFILE_CALL 47 55 1286 153299
PROFILE_CALL 48 29 1022 340142
PROFILE_CALL 49 30 1351 720928
PROFILE_CALL 50 31 1757 329529
PROFILE_CALL 51 56 1110 203519
PROFILE_CALL 52 32 1116 341311
PROFILE_CALL 53 34 1362 722195
PROFILE_CALL 54 35 1565 329684
PROFILE_CALL 55 57 1376 228647
PROFILE_CALL 56 36 1458 694562
PROFILE_CALL 57 37 1567 907572
PROFILE_CALL 58 38 1906 409162
PROFILE_CALL 59 39 137556 819456
PROFILE_CALL 60 58 1514 189650
PROFILE_CALL 61 40 1174 416749
PROFILE_CALL 62 41 1809 882818
PROFILE_CALL 63 42 962942 409712
PROFILE_CALL 64 59 1341 150798
PROFILE_CALL 65 43 1248 416930
PROFILE_CALL 66 45 1508 874235
PROFILE_CALL 67 46 1784 409796
PROFILE_CALL 68 60 1346 51667
PROFILE_CALL 69 53 344540 479009
PROFILE_TAIL 79783

Simulation complete.
*** PASSED *** after 685629632 cycles

Emulation Performance Summary
------------------------------
Wallclock Time Elapsed: 28.4 s
Host Frequency: 30.000 MHz
Target Cycles Emulated: 685629632
Effective Target Frequency: 24.176 MHz
FMR: 1.24
Note: The latter three figures are based on the fastest target clock.

Script done on 2026-10-05 11:32:57-07:00 [COMMAND_EXIT_CODE="0"]
