/scratch2/agustin/chipyard/.conda-env/riscv-tools/bin/../lib/gcc/riscv64-unknown-elf/13.2.0/../../../../riscv64-unknown-elf/bin/ld: /scratch2/agustin/chipyard/.conda-env/riscv-tools/bin/../lib/gcc/riscv64-unknown-elf/13.2.0/../../../../riscv64-unknown-elf/lib/libc.a(libc_a-closer.o): in function `_close_r':
closer.c:(.text._close_r+0x12): warning: _close is not implemented and will always fail
/scratch2/agustin/chipyard/.conda-env/riscv-tools/bin/../lib/gcc/riscv64-unknown-elf/13.2.0/../../../../riscv64-unknown-elf/bin/ld: /scratch2/agustin/chipyard/.conda-env/riscv-tools/bin/../lib/gcc/riscv64-unknown-elf/13.2.0/../../../../riscv64-unknown-elf/lib/libc.a(libc_a-fstatr.o): in function `_fstat_r':
fstatr.c:(.text._fstat_r+0x16): warning: _fstat is not implemented and will always fail
/scratch2/agustin/chipyard/.conda-env/riscv-tools/bin/../lib/gcc/riscv64-unknown-elf/13.2.0/../../../../riscv64-unknown-elf/bin/ld: /scratch2/agustin/chipyard/.conda-env/riscv-tools/bin/../lib/gcc/riscv64-unknown-elf/13.2.0/../../../../riscv64-unknown-elf/lib/libc.a(libc_a-isattyr.o): in function `_isatty_r':
isattyr.c:(.text._isatty_r+0x12): warning: _isatty is not implemented and will always fail
/scratch2/agustin/chipyard/.conda-env/riscv-tools/bin/../lib/gcc/riscv64-unknown-elf/13.2.0/../../../../riscv64-unknown-elf/bin/ld: /scratch2/agustin/chipyard/.conda-env/riscv-tools/bin/../lib/gcc/riscv64-unknown-elf/13.2.0/../../../../riscv64-unknown-elf/lib/libc.a(libc_a-lseekr.o): in function `_lseek_r':
lseekr.c:(.text._lseek_r+0x18): warning: _lseek is not implemented and will always fail
/scratch2/agustin/chipyard/.conda-env/riscv-tools/bin/../lib/gcc/riscv64-unknown-elf/13.2.0/../../../../riscv64-unknown-elf/bin/ld: /scratch2/agustin/chipyard/.conda-env/riscv-tools/bin/../lib/gcc/riscv64-unknown-elf/13.2.0/../../../../riscv64-unknown-elf/lib/libc.a(libc_a-readr.o): in function `_read_r':
readr.c:(.text._read_r+0x18): warning: _read is not implemented and will always fail
/scratch2/agustin/chipyard/.conda-env/riscv-tools/bin/../lib/gcc/riscv64-unknown-elf/13.2.0/../../../../riscv64-unknown-elf/bin/ld: /scratch2/agustin/chipyard/.conda-env/riscv-tools/bin/../lib/gcc/riscv64-unknown-elf/13.2.0/../../../../riscv64-unknown-elf/lib/libc.a(libc_a-writer.o): in function `_write_r':
writer.c:(.text._write_r+0x18): warning: _write is not implemented and will always fail
/scratch2/agustin/chipyard/.conda-env/riscv-tools/bin/../lib/gcc/riscv64-unknown-elf/13.2.0/../../../../riscv64-unknown-elf/bin/ld: warning: /scratch/agustin/tmp/gemmini-golden-nofsm-20261004/out/artifacts/probes/smol-word-enclosure-20261006/consumer_capsules_printf/control/model.elf has a LOAD segment with RWX permissions
control 1c34a9f5c37032c969c1f8f3aeef280456028e69fb909c2673061821a3e833ad pass
/scratch2/agustin/chipyard/.conda-env/riscv-tools/bin/../lib/gcc/riscv64-unknown-elf/13.2.0/../../../../riscv64-unknown-elf/bin/ld: /scratch2/agustin/chipyard/.conda-env/riscv-tools/bin/../lib/gcc/riscv64-unknown-elf/13.2.0/../../../../riscv64-unknown-elf/lib/libc.a(libc_a-closer.o): in function `_close_r':
closer.c:(.text._close_r+0x12): warning: _close is not implemented and will always fail
/scratch2/agustin/chipyard/.conda-env/riscv-tools/bin/../lib/gcc/riscv64-unknown-elf/13.2.0/../../../../riscv64-unknown-elf/bin/ld: /scratch2/agustin/chipyard/.conda-env/riscv-tools/bin/../lib/gcc/riscv64-unknown-elf/13.2.0/../../../../riscv64-unknown-elf/lib/libc.a(libc_a-fstatr.o): in function `_fstat_r':
fstatr.c:(.text._fstat_r+0x16): warning: _fstat is not implemented and will always fail
/scratch2/agustin/chipyard/.conda-env/riscv-tools/bin/../lib/gcc/riscv64-unknown-elf/13.2.0/../../../../riscv64-unknown-elf/bin/ld: /scratch2/agustin/chipyard/.conda-env/riscv-tools/bin/../lib/gcc/riscv64-unknown-elf/13.2.0/../../../../riscv64-unknown-elf/lib/libc.a(libc_a-isattyr.o): in function `_isatty_r':
isattyr.c:(.text._isatty_r+0x12): warning: _isatty is not implemented and will always fail
/scratch2/agustin/chipyard/.conda-env/riscv-tools/bin/../lib/gcc/riscv64-unknown-elf/13.2.0/../../../../riscv64-unknown-elf/bin/ld: /scratch2/agustin/chipyard/.conda-env/riscv-tools/bin/../lib/gcc/riscv64-unknown-elf/13.2.0/../../../../riscv64-unknown-elf/lib/libc.a(libc_a-lseekr.o): in function `_lseek_r':
lseekr.c:(.text._lseek_r+0x18): warning: _lseek is not implemented and will always fail
/scratch2/agustin/chipyard/.conda-env/riscv-tools/bin/../lib/gcc/riscv64-unknown-elf/13.2.0/../../../../riscv64-unknown-elf/bin/ld: /scratch2/agustin/chipyard/.conda-env/riscv-tools/bin/../lib/gcc/riscv64-unknown-elf/13.2.0/../../../../riscv64-unknown-elf/lib/libc.a(libc_a-readr.o): in function `_read_r':
readr.c:(.text._read_r+0x18): warning: _read is not implemented and will always fail
/scratch2/agustin/chipyard/.conda-env/riscv-tools/bin/../lib/gcc/riscv64-unknown-elf/13.2.0/../../../../riscv64-unknown-elf/bin/ld: /scratch2/agustin/chipyard/.conda-env/riscv-tools/bin/../lib/gcc/riscv64-unknown-elf/13.2.0/../../../../riscv64-unknown-elf/lib/libc.a(libc_a-writer.o): in function `_write_r':
writer.c:(.text._write_r+0x18): warning: _write is not implemented and will always fail
/scratch2/agustin/chipyard/.conda-env/riscv-tools/bin/../lib/gcc/riscv64-unknown-elf/13.2.0/../../../../riscv64-unknown-elf/bin/ld: warning: /scratch/agustin/tmp/gemmini-golden-nofsm-20261004/out/artifacts/probes/smol-word-enclosure-20261006/consumer_capsules_printf/words/model.elf has a LOAD segment with RWX permissions
words 5527a93a5aa2b094cc55ac001034989df042d09e8dacbb7dc3919b703d9d0ca6 pass
/scratch2/agustin/chipyard/.conda-env/riscv-tools/bin/../lib/gcc/riscv64-unknown-elf/13.2.0/../../../../riscv64-unknown-elf/bin/ld: /scratch2/agustin/chipyard/.conda-env/riscv-tools/bin/../lib/gcc/riscv64-unknown-elf/13.2.0/../../../../riscv64-unknown-elf/lib/libc.a(libc_a-closer.o): in function `_close_r':
closer.c:(.text._close_r+0x12): warning: _close is not implemented and will always fail
/scratch2/agustin/chipyard/.conda-env/riscv-tools/bin/../lib/gcc/riscv64-unknown-elf/13.2.0/../../../../riscv64-unknown-elf/bin/ld: /scratch2/agustin/chipyard/.conda-env/riscv-tools/bin/../lib/gcc/riscv64-unknown-elf/13.2.0/../../../../riscv64-unknown-elf/lib/libc.a(libc_a-fstatr.o): in function `_fstat_r':
fstatr.c:(.text._fstat_r+0x16): warning: _fstat is not implemented and will always fail
/scratch2/agustin/chipyard/.conda-env/riscv-tools/bin/../lib/gcc/riscv64-unknown-elf/13.2.0/../../../../riscv64-unknown-elf/bin/ld: /scratch2/agustin/chipyard/.conda-env/riscv-tools/bin/../lib/gcc/riscv64-unknown-elf/13.2.0/../../../../riscv64-unknown-elf/lib/libc.a(libc_a-isattyr.o): in function `_isatty_r':
isattyr.c:(.text._isatty_r+0x12): warning: _isatty is not implemented and will always fail
/scratch2/agustin/chipyard/.conda-env/riscv-tools/bin/../lib/gcc/riscv64-unknown-elf/13.2.0/../../../../riscv64-unknown-elf/bin/ld: /scratch2/agustin/chipyard/.conda-env/riscv-tools/bin/../lib/gcc/riscv64-unknown-elf/13.2.0/../../../../riscv64-unknown-elf/lib/libc.a(libc_a-lseekr.o): in function `_lseek_r':
lseekr.c:(.text._lseek_r+0x18): warning: _lseek is not implemented and will always fail
/scratch2/agustin/chipyard/.conda-env/riscv-tools/bin/../lib/gcc/riscv64-unknown-elf/13.2.0/../../../../riscv64-unknown-elf/bin/ld: /scratch2/agustin/chipyard/.conda-env/riscv-tools/bin/../lib/gcc/riscv64-unknown-elf/13.2.0/../../../../riscv64-unknown-elf/lib/libc.a(libc_a-readr.o): in function `_read_r':
readr.c:(.text._read_r+0x18): warning: _read is not implemented and will always fail
/scratch2/agustin/chipyard/.conda-env/riscv-tools/bin/../lib/gcc/riscv64-unknown-elf/13.2.0/../../../../riscv64-unknown-elf/bin/ld: /scratch2/agustin/chipyard/.conda-env/riscv-tools/bin/../lib/gcc/riscv64-unknown-elf/13.2.0/../../../../riscv64-unknown-elf/lib/libc.a(libc_a-writer.o): in function `_write_r':
writer.c:(.text._write_r+0x18): warning: _write is not implemented and will always fail
/scratch2/agustin/chipyard/.conda-env/riscv-tools/bin/../lib/gcc/riscv64-unknown-elf/13.2.0/../../../../riscv64-unknown-elf/bin/ld: warning: /scratch/agustin/tmp/gemmini-golden-nofsm-20261004/out/artifacts/probes/smol-word-enclosure-20261006/consumer_capsules_printf/table10/model.elf has a LOAD segment with RWX permissions
table10 d085c14533256a4461f8715c25c5675c9fec5108f60fd487807e0514a7c8e771 pass
